[2026-04-27T15:05:54.081Z] fifth saved | rooms: 19 | by: admin
[2026-04-27T15:06:00.959Z] fifth edited | unlocked by: admin
[2026-04-27T15:06:32.171Z] fifth saved | rooms: 19 | by: admin
[2026-04-27T15:10:00.010Z] fifth edited | unlocked by: admin
[2026-04-27T15:12:43.827Z] fifth edited | unlocked by: admin
[2026-04-27T15:18:29.627Z] ground saved | rooms: 13 | by: admin
[2026-04-27T15:19:27.306Z] ground edited | unlocked by: admin
[2026-04-27T15:22:55.000Z] ground saved | rooms: 13 | by: admin
[2026-04-27T15:30:54.773Z] ground edited | unlocked by: admin
[2026-04-27T15:31:14.162Z] ground edited | unlocked by: admin
[2026-04-27T15:34:58.699Z] ground edited | unlocked by: admin
[2026-04-27T15:35:53.441Z] ground saved | rooms: 13 | by: admin
[2026-04-27T15:37:08.047Z] first saved | rooms: 18 | by: admin
[2026-04-27T15:39:41.017Z] fifth edited | unlocked by: admin
[2026-04-27T15:41:09.846Z] fifth saved | rooms: 19 | by: admin
[2026-04-27T15:43:33.049Z] fourth saved | rooms: 23 | by: admin
[2026-04-27T15:49:05.296Z] fifth edited | unlocked by: admin
[2026-04-27T15:49:12.065Z] fifth saved | rooms: 19 | by: admin
[2026-04-27T15:53:01.923Z] fourth edited | unlocked by: admin
[2026-04-27T15:53:12.534Z] fourth saved | rooms: 23 | by: admin
[2026-04-27T16:03:39.560Z] fifth edited | unlocked by: admin
[2026-04-27T16:04:10.452Z] fifth saved | rooms: 19 | by: admin
[2026-04-27T16:16:06.332Z] fifth edited | unlocked by: admin
[2026-04-27T16:16:11.826Z] fifth saved | rooms: 19 | by: admin
[2026-04-27T16:19:10.289Z] fifth edited | unlocked by: admin
[2026-04-27T16:20:19.480Z] fifth saved | rooms: 19 | by: admin
[2026-04-27T16:22:29.189Z] fifth edited | unlocked by: admin
[2026-04-27T16:24:00.516Z] fifth saved | rooms: 19 | by: admin
[2026-04-27T16:24:19.422Z] fourth edited | unlocked by: admin
[2026-04-27T16:24:37.786Z] fourth saved | rooms: 23 | by: admin
[2026-04-27T17:02:59.466Z] second saved | rooms: 20 | by: admin
[2026-04-27T17:03:16.390Z] ground edited | unlocked by: admin
[2026-04-27T17:05:23.670Z] ground edited | unlocked by: admin
[2026-04-27T17:05:29.457Z] second edited | unlocked by: admin
[2026-04-27T17:08:20.246Z] second edited | unlocked by: admin
[2026-04-27T17:08:53.958Z] second saved | rooms: 20 | by: admin
[2026-04-27T17:09:06.782Z] ground edited | unlocked by: admin
[2026-04-27T17:11:28.042Z] first edited | unlocked by: admin
[2026-04-27T17:11:32.822Z] second edited | unlocked by: admin
[2026-04-27T17:11:42.677Z] fourth edited | unlocked by: admin
[2026-04-27T17:11:48.952Z] fifth edited | unlocked by: admin
[2026-04-27T17:34:41.310Z] first edited | unlocked by: admin
[2026-04-27T17:34:53.822Z] first saved | rooms: 18 | by: admin
[2026-04-27T17:34:57.477Z] first edited | unlocked by: admin
[2026-04-27T17:35:01.045Z] first saved | rooms: 18 | by: admin
[2026-04-27T17:35:06.425Z] first edited | unlocked by: admin
[2026-04-27T17:35:23.551Z] first saved | rooms: 18 | by: admin
[2026-04-27T17:38:01.667Z] fourth edited | unlocked by: admin
[2026-04-27T17:38:29.863Z] fourth saved | rooms: 23 | by: admin
[2026-04-27T17:39:04.232Z] fourth edited | unlocked by: admin
[2026-04-27T17:39:53.922Z] fifth edited | unlocked by: admin
[2026-04-27T17:40:05.829Z] fifth saved | rooms: 19 | by: admin
[2026-04-27T17:41:11.439Z] ground edited | unlocked by: admin
[2026-04-27T17:41:47.325Z] ground saved | rooms: 13 | by: admin
[2026-04-27T17:43:34.909Z] ground edited | unlocked by: admin
[2026-04-27T17:44:14.582Z] ground saved | rooms: 13 | by: admin
[2026-04-27T17:44:21.055Z] first edited | unlocked by: admin
[2026-04-27T17:45:21.306Z] first saved | rooms: 18 | by: admin
[2026-04-27T17:46:07.772Z] second edited | unlocked by: admin
[2026-04-27T17:46:36.405Z] second saved | rooms: 20 | by: admin
[2026-04-27T17:46:43.045Z] second edited | unlocked by: admin
[2026-04-27T17:46:49.448Z] second saved | rooms: 20 | by: admin
[2026-04-27T17:48:22.049Z] third saved | rooms: 21 | by: admin
[2026-04-27T17:54:23.289Z] ground edited | unlocked by: admin
[2026-04-27T17:56:09.073Z] ground edited | unlocked by: admin
[2026-04-27T17:57:59.182Z] ground edited | unlocked by: admin
[2026-04-27T17:58:13.413Z] ground saved | rooms: 13 | by: admin
[2026-04-27T17:58:18.728Z] first edited | unlocked by: admin
[2026-04-27T17:58:25.236Z] first saved | rooms: 18 | by: admin
[2026-04-27T18:02:51.500Z] ground edited | unlocked by: admin
[2026-04-27T18:10:11.277Z] ground edited | unlocked by: admin
[2026-04-28T07:04:56.073Z] ground saved | rooms: 13 | by: admin
[2026-04-28T07:43:13.357Z] ground edited | unlocked by: admin
[2026-04-28T08:08:31.722Z] ground edited | unlocked by: admin
[2026-04-28T08:09:45.995Z] ground saved | rooms: 13 | by: admin
[2026-04-28T08:20:39.906Z] ground edited | unlocked by: admin
[2026-04-28T08:20:43.698Z] ground saved | rooms: 13 | by: admin
[2026-04-28T08:20:47.101Z] ground edited | unlocked by: admin
[2026-04-28T08:29:21.639Z] ground edited | unlocked by: admin
[2026-04-28T09:28:30.787Z] ground edited | unlocked by: admin
[2026-04-28T09:31:34.801Z] ground edited | unlocked by: admin
[2026-04-28T09:32:17.477Z] ground edited | unlocked by: admin
[2026-04-28T09:35:36.650Z] ground saved | rooms: 13 | by: admin
[2026-04-28T09:35:40.651Z] ground edited | unlocked by: admin
[2026-04-28T09:35:46.284Z] ground saved | rooms: 13 | by: admin
[2026-04-28T09:36:05.284Z] ground edited | unlocked by: admin
[2026-04-28T09:36:34.363Z] second edited | unlocked by: admin
[2026-04-28T09:37:45.370Z] first edited | unlocked by: admin
[2026-04-28T09:38:02.501Z] first saved | rooms: 18 | by: admin
[2026-04-28T09:38:04.742Z] first edited | unlocked by: admin
[2026-04-28T09:38:21.472Z] first edited | unlocked by: admin
[2026-04-28T09:39:53.417Z] first saved | rooms: 18 | by: admin
[2026-04-28T09:45:38.821Z] fifth edited | unlocked by: admin
[2026-04-28T09:45:44.867Z] fifth saved | rooms: 19 | by: admin
[2026-04-28T09:45:47.062Z] fifth edited | unlocked by: admin
[2026-04-28T09:45:52.549Z] fifth saved | rooms: 19 | by: admin
[2026-04-28T09:45:57.345Z] fourth edited | unlocked by: admin
[2026-04-28T09:45:59.030Z] fourth saved | rooms: 23 | by: admin
[2026-04-28T09:46:01.190Z] fourth edited | unlocked by: admin
[2026-04-28T09:46:03.530Z] fourth saved | rooms: 23 | by: admin
[2026-04-28T10:07:31.712Z] ground edited | unlocked by: admin
[2026-04-28T10:08:58.987Z] ground saved | rooms: 13 | by: admin
[2026-04-28T10:09:01.733Z] ground edited | unlocked by: admin
[2026-04-28T10:09:08.507Z] ground saved | rooms: 13 | by: admin
[2026-04-28T10:09:20.844Z] first edited | unlocked by: admin
[2026-04-28T10:10:40.916Z] first saved | rooms: 18 | by: admin
[2026-04-28T10:10:46.587Z] second edited | unlocked by: admin
[2026-04-28T10:11:43.024Z] second saved | rooms: 20 | by: admin
[2026-04-28T10:11:50.280Z] third edited | unlocked by: admin
[2026-04-28T10:13:39.791Z] third saved | rooms: 21 | by: admin
[2026-04-28T10:13:45.976Z] third edited | unlocked by: admin
[2026-04-28T10:13:58.403Z] third saved | rooms: 21 | by: admin
[2026-04-28T10:14:24.532Z] ground edited | unlocked by: admin
[2026-04-28T11:46:35.550Z] ground saved | rooms: 13 | by: admin
[2026-04-28T11:47:07.610Z] third saved | rooms: 21 | by: admin
[2026-04-28T14:17:11.419Z] ground edited | unlocked by: admin
[2026-04-28T14:17:13.157Z] ground saved | rooms: 13 | by: admin
[2026-04-28T14:17:15.653Z] ground edited | unlocked by: admin
[2026-04-28T15:21:20.342Z] ground edited | unlocked by: admin
[2026-04-28T16:02:43.345Z] ground edited | unlocked by: admin
[2026-04-28T16:02:45.982Z] ground saved | rooms: 13 | by: admin
[2026-04-28T16:20:14.793Z] ground saved | rooms: 13 | by: admin
[2026-04-28T16:20:18.182Z] ground saved | rooms: 13 | by: admin
[2026-04-28T16:20:41.106Z] fifth saved | rooms: 19 | by: admin
[2026-04-28T16:21:04.736Z] fifth saved | rooms: 19 | by: admin
[2026-04-28T16:21:22.891Z] fifth saved | rooms: 19 | by: admin
[2026-04-28T16:21:40.964Z] fifth saved | rooms: 19 | by: admin
[2026-04-28T16:21:58.716Z] fifth saved | rooms: 19 | by: admin
[2026-04-28T16:22:20.385Z] fifth saved | rooms: 19 | by: admin
[2026-04-28T16:23:37.250Z] fifth saved | rooms: 19 | by: admin
[2026-04-28T16:23:58.819Z] fifth saved | rooms: 19 | by: admin
[2026-04-28T16:24:16.702Z] fifth saved | rooms: 19 | by: admin
[2026-04-28T16:24:34.842Z] fifth saved | rooms: 19 | by: admin
[2026-04-28T16:24:52.141Z] fifth saved | rooms: 19 | by: admin
[2026-04-28T16:26:22.631Z] first edited | unlocked by: admin
[2026-04-28T16:26:35.293Z] first saved | rooms: 18 | by: admin
[2026-04-28T16:26:39.895Z] first edited | unlocked by: admin
[2026-04-28T16:26:43.853Z] first saved | rooms: 18 | by: admin
